Archive member included to satisfy reference by file (symbol)

c:/program files/microchip/xc8/v2.36/avr/bin/../lib/gcc/avr/5.4.0/avr5/memx-const\libgcc.a(_udivmodsi4.o)
                              HSevenSeg_prog.o (__udivmodsi4)
c:/program files/microchip/xc8/v2.36/avr/bin/../lib/gcc/avr/5.4.0/avr5/memx-const\libgcc.a(_tablejump2.o)
                              HSevenSeg_prog.o (__tablejump2__)
c:/program files/microchip/xc8/v2.36/avr/bin/../lib/gcc/avr/5.4.0/avr5/memx-const\libgcc.a(_copy_data.o)
                              HLED_config.o (__do_copy_data)
c:/program files/microchip/xc8/v2.36/avr/bin/../lib/gcc/avr/5.4.0/../../../../avr/lib/avr5/memx-const\libc.a(exit.o)
                              C:/Program Files (x86)/Atmel/Studio/7.0/Packs/atmel/ATmega_DFP/1.7.374/xc8/avr/lib/avr5/memx-const/crtatmega32.o (exit)
c:/program files/microchip/xc8/v2.36/avr/bin/../lib/gcc/avr/5.4.0/../../../../avr/lib/avr5/memx-const\libc.a(_Exit.o)
                              c:/program files/microchip/xc8/v2.36/avr/bin/../lib/gcc/avr/5.4.0/../../../../avr/lib/avr5/memx-const\libc.a(exit.o) (_Exit)
c:/program files/microchip/xc8/v2.36/avr/bin/../lib/gcc/avr/5.4.0/avr5/memx-const\libgcc.a(_exit.o)
                              c:/program files/microchip/xc8/v2.36/avr/bin/../lib/gcc/avr/5.4.0/../../../../avr/lib/avr5/memx-const\libc.a(_Exit.o) (_exit)

Discarded input sections

 .data          0x0000000000000000        0x0 C:/Program Files (x86)/Atmel/Studio/7.0/Packs/atmel/ATmega_DFP/1.7.374/xc8/avr/lib/avr5/memx-const/crtatmega32.o
 .bss           0x0000000000000000        0x0 C:/Program Files (x86)/Atmel/Studio/7.0/Packs/atmel/ATmega_DFP/1.7.374/xc8/avr/lib/avr5/memx-const/crtatmega32.o
 .text          0x0000000000000000        0x0 DIO.o
 .data          0x0000000000000000        0x0 DIO.o
 .bss           0x0000000000000000        0x0 DIO.o
 .text.DIO_enuSetPinConfigration
                0x0000000000000000      0x1e6 DIO.o
 .text.DIO_enuSetPortConfigration
                0x0000000000000000       0xd0 DIO.o
 .text.DIO_enuSetPortValue
                0x0000000000000000       0x34 DIO.o
 .text          0x0000000000000000        0x0 HLED_config.o
 .data          0x0000000000000000        0x0 HLED_config.o
 .bss           0x0000000000000000        0x0 HLED_config.o
 .text          0x0000000000000000        0x0 HLED_prog.o
 .data          0x0000000000000000        0x0 HLED_prog.o
 .bss           0x0000000000000000        0x0 HLED_prog.o
 .text.HLED_enuSetLedState
                0x0000000000000000       0xa0 HLED_prog.o
 .text          0x0000000000000000        0x0 HSevenSeg_config.o
 .data          0x0000000000000000        0x0 HSevenSeg_config.o
 .bss           0x0000000000000000        0x0 HSevenSeg_config.o
 .text          0x0000000000000000        0x0 HSevenSeg_prog.o
 .data          0x0000000000000000        0x0 HSevenSeg_prog.o
 .bss           0x0000000000000000        0x0 HSevenSeg_prog.o
 .text          0x0000000000000000        0x0 HSWITCH_config.o
 .data          0x0000000000000000        0x0 HSWITCH_config.o
 .bss           0x0000000000000000        0x0 HSWITCH_config.o
 .text          0x0000000000000000        0x0 HSWITCH_prog.o
 .data          0x0000000000000000        0x0 HSWITCH_prog.o
 .bss           0x0000000000000000        0x0 HSWITCH_prog.o
 .text          0x0000000000000000        0x0 main.o
 .data          0x0000000000000000        0x0 main.o
 .bss           0x0000000000000000        0x0 main.o
 .text          0x0000000000000000        0x0 MPort_config.o
 .data          0x0000000000000000        0x0 MPort_config.o
 .bss           0x0000000000000000        0x0 MPort_config.o
 .data.MPORT_PINCFG
                0x0000000000000000       0x20 MPort_config.o
 .debug_info    0x0000000000000000      0x2e1 MPort_config.o
 .debug_abbrev  0x0000000000000000       0x63 MPort_config.o
 .debug_aranges
                0x0000000000000000       0x18 MPort_config.o
 .debug_line    0x0000000000000000       0x46 MPort_config.o
 .debug_str     0x0000000000000000        0x0 MPort_config.o
 .comment       0x0000000000000000       0x30 MPort_config.o
 .text          0x0000000000000000        0x0 MPort_prog.o
 .data          0x0000000000000000        0x0 MPort_prog.o
 .bss           0x0000000000000000        0x0 MPort_prog.o
 .text          0x0000000000000000        0x0 c:/program files/microchip/xc8/v2.36/avr/bin/../lib/gcc/avr/5.4.0/avr5/memx-const\libgcc.a(_udivmodsi4.o)
 .data          0x0000000000000000        0x0 c:/program files/microchip/xc8/v2.36/avr/bin/../lib/gcc/avr/5.4.0/avr5/memx-const\libgcc.a(_udivmodsi4.o)
 .bss           0x0000000000000000        0x0 c:/program files/microchip/xc8/v2.36/avr/bin/../lib/gcc/avr/5.4.0/avr5/memx-const\libgcc.a(_udivmodsi4.o)
 .text.libgcc.mul
                0x0000000000000000        0x0 c:/program files/microchip/xc8/v2.36/avr/bin/../lib/gcc/avr/5.4.0/avr5/memx-const\libgcc.a(_udivmodsi4.o)
 .stack.descriptors
                0x0000000000000000       0x1a c:/program files/microchip/xc8/v2.36/avr/bin/../lib/gcc/avr/5.4.0/avr5/memx-const\libgcc.a(_udivmodsi4.o)
 .text.libgcc   0x0000000000000000        0x0 c:/program files/microchip/xc8/v2.36/avr/bin/../lib/gcc/avr/5.4.0/avr5/memx-const\libgcc.a(_udivmodsi4.o)
 .text.libgcc.prologue
                0x0000000000000000        0x0 c:/program files/microchip/xc8/v2.36/avr/bin/../lib/gcc/avr/5.4.0/avr5/memx-const\libgcc.a(_udivmodsi4.o)
 .text.libgcc.builtins
                0x0000000000000000        0x0 c:/program files/microchip/xc8/v2.36/avr/bin/../lib/gcc/avr/5.4.0/avr5/memx-const\libgcc.a(_udivmodsi4.o)
 .text.libgcc.fmul
                0x0000000000000000        0x0 c:/program files/microchip/xc8/v2.36/avr/bin/../lib/gcc/avr/5.4.0/avr5/memx-const\libgcc.a(_udivmodsi4.o)
 .text.libgcc.fixed
                0x0000000000000000        0x0 c:/program files/microchip/xc8/v2.36/avr/bin/../lib/gcc/avr/5.4.0/avr5/memx-const\libgcc.a(_udivmodsi4.o)
 .text          0x0000000000000000        0x0 c:/program files/microchip/xc8/v2.36/avr/bin/../lib/gcc/avr/5.4.0/avr5/memx-const\libgcc.a(_tablejump2.o)
 .data          0x0000000000000000        0x0 c:/program files/microchip/xc8/v2.36/avr/bin/../lib/gcc/avr/5.4.0/avr5/memx-const\libgcc.a(_tablejump2.o)
 .bss           0x0000000000000000        0x0 c:/program files/microchip/xc8/v2.36/avr/bin/../lib/gcc/avr/5.4.0/avr5/memx-const\libgcc.a(_tablejump2.o)
 .text.libgcc.mul
                0x0000000000000000        0x0 c:/program files/microchip/xc8/v2.36/avr/bin/../lib/gcc/avr/5.4.0/avr5/memx-const\libgcc.a(_tablejump2.o)
 .text.libgcc.div
                0x0000000000000000        0x0 c:/program files/microchip/xc8/v2.36/avr/bin/../lib/gcc/avr/5.4.0/avr5/memx-const\libgcc.a(_tablejump2.o)
 .text.libgcc.prologue
                0x0000000000000000        0x0 c:/program files/microchip/xc8/v2.36/avr/bin/../lib/gcc/avr/5.4.0/avr5/memx-const\libgcc.a(_tablejump2.o)
 .stack.descriptors
                0x0000000000000000       0x1c c:/program files/microchip/xc8/v2.36/avr/bin/../lib/gcc/avr/5.4.0/avr5/memx-const\libgcc.a(_tablejump2.o)
 .text.libgcc.builtins
                0x0000000000000000        0x0 c:/program files/microchip/xc8/v2.36/avr/bin/../lib/gcc/avr/5.4.0/avr5/memx-const\libgcc.a(_tablejump2.o)
 .text.libgcc.fmul
                0x0000000000000000        0x0 c:/program files/microchip/xc8/v2.36/avr/bin/../lib/gcc/avr/5.4.0/avr5/memx-const\libgcc.a(_tablejump2.o)
 .text.libgcc.fixed
                0x0000000000000000        0x0 c:/program files/microchip/xc8/v2.36/avr/bin/../lib/gcc/avr/5.4.0/avr5/memx-const\libgcc.a(_tablejump2.o)
 .text          0x0000000000000000        0x0 c:/program files/microchip/xc8/v2.36/avr/bin/../lib/gcc/avr/5.4.0/avr5/memx-const\libgcc.a(_copy_data.o)
 .data          0x0000000000000000        0x0 c:/program files/microchip/xc8/v2.36/avr/bin/../lib/gcc/avr/5.4.0/avr5/memx-const\libgcc.a(_copy_data.o)
 .bss           0x0000000000000000        0x0 c:/program files/microchip/xc8/v2.36/avr/bin/../lib/gcc/avr/5.4.0/avr5/memx-const\libgcc.a(_copy_data.o)
 .text.libgcc.mul
                0x0000000000000000        0x0 c:/program files/microchip/xc8/v2.36/avr/bin/../lib/gcc/avr/5.4.0/avr5/memx-const\libgcc.a(_copy_data.o)
 .text.libgcc.div
                0x0000000000000000        0x0 c:/program files/microchip/xc8/v2.36/avr/bin/../lib/gcc/avr/5.4.0/avr5/memx-const\libgcc.a(_copy_data.o)
 .text.libgcc   0x0000000000000000        0x0 c:/program files/microchip/xc8/v2.36/avr/bin/../lib/gcc/avr/5.4.0/avr5/memx-const\libgcc.a(_copy_data.o)
 .text.libgcc.prologue
                0x0000000000000000        0x0 c:/program files/microchip/xc8/v2.36/avr/bin/../lib/gcc/avr/5.4.0/avr5/memx-const\libgcc.a(_copy_data.o)
 .text.libgcc.builtins
                0x0000000000000000        0x0 c:/program files/microchip/xc8/v2.36/avr/bin/../lib/gcc/avr/5.4.0/avr5/memx-const\libgcc.a(_copy_data.o)
 .text.libgcc.fmul
                0x0000000000000000        0x0 c:/program files/microchip/xc8/v2.36/avr/bin/../lib/gcc/avr/5.4.0/avr5/memx-const\libgcc.a(_copy_data.o)
 .text.libgcc.fixed
                0x0000000000000000        0x0 c:/program files/microchip/xc8/v2.36/avr/bin/../lib/gcc/avr/5.4.0/avr5/memx-const\libgcc.a(_copy_data.o)
 .text          0x0000000000000000        0x0 c:/program files/microchip/xc8/v2.36/avr/bin/../lib/gcc/avr/5.4.0/../../../../avr/lib/avr5/memx-const\libc.a(exit.o)
 .data          0x0000000000000000        0x0 c:/program files/microchip/xc8/v2.36/avr/bin/../lib/gcc/avr/5.4.0/../../../../avr/lib/avr5/memx-const\libc.a(exit.o)
 .bss           0x0000000000000000        0x0 c:/program files/microchip/xc8/v2.36/avr/bin/../lib/gcc/avr/5.4.0/../../../../avr/lib/avr5/memx-const\libc.a(exit.o)
 .text          0x0000000000000000        0x0 c:/program files/microchip/xc8/v2.36/avr/bin/../lib/gcc/avr/5.4.0/../../../../avr/lib/avr5/memx-const\libc.a(_Exit.o)
 .data          0x0000000000000000        0x0 c:/program files/microchip/xc8/v2.36/avr/bin/../lib/gcc/avr/5.4.0/../../../../avr/lib/avr5/memx-const\libc.a(_Exit.o)
 .bss           0x0000000000000000        0x0 c:/program files/microchip/xc8/v2.36/avr/bin/../lib/gcc/avr/5.4.0/../../../../avr/lib/avr5/memx-const\libc.a(_Exit.o)
 .text          0x0000000000000000        0x0 c:/program files/microchip/xc8/v2.36/avr/bin/../lib/gcc/avr/5.4.0/avr5/memx-const\libgcc.a(_exit.o)
 .data          0x0000000000000000        0x0 c:/program files/microchip/xc8/v2.36/avr/bin/../lib/gcc/avr/5.4.0/avr5/memx-const\libgcc.a(_exit.o)
 .bss           0x0000000000000000        0x0 c:/program files/microchip/xc8/v2.36/avr/bin/../lib/gcc/avr/5.4.0/avr5/memx-const\libgcc.a(_exit.o)
 .text.libgcc.mul
                0x0000000000000000        0x0 c:/program files/microchip/xc8/v2.36/avr/bin/../lib/gcc/avr/5.4.0/avr5/memx-const\libgcc.a(_exit.o)
 .text.libgcc.div
                0x0000000000000000        0x0 c:/program files/microchip/xc8/v2.36/avr/bin/../lib/gcc/avr/5.4.0/avr5/memx-const\libgcc.a(_exit.o)
 .text.libgcc   0x0000000000000000        0x0 c:/program files/microchip/xc8/v2.36/avr/bin/../lib/gcc/avr/5.4.0/avr5/memx-const\libgcc.a(_exit.o)
 .text.libgcc.prologue
                0x0000000000000000        0x0 c:/program files/microchip/xc8/v2.36/avr/bin/../lib/gcc/avr/5.4.0/avr5/memx-const\libgcc.a(_exit.o)
 .stack.descriptors
                0x0000000000000000       0x13 c:/program files/microchip/xc8/v2.36/avr/bin/../lib/gcc/avr/5.4.0/avr5/memx-const\libgcc.a(_exit.o)
 .text.libgcc.builtins
                0x0000000000000000        0x0 c:/program files/microchip/xc8/v2.36/avr/bin/../lib/gcc/avr/5.4.0/avr5/memx-const\libgcc.a(_exit.o)
 .text.libgcc.fmul
                0x0000000000000000        0x0 c:/program files/microchip/xc8/v2.36/avr/bin/../lib/gcc/avr/5.4.0/avr5/memx-const\libgcc.a(_exit.o)
 .text.libgcc.fixed
                0x0000000000000000        0x0 c:/program files/microchip/xc8/v2.36/avr/bin/../lib/gcc/avr/5.4.0/avr5/memx-const\libgcc.a(_exit.o)

Memory Configuration

Name             Origin             Length             Attributes
text             0x0000000000000000 0x0000000000008000 xr
data             0x0000000000800060 0x0000000000000800 rw !x
eeprom           0x0000000000810000 0x0000000000000400 rw !x
fuse             0x0000000000820000 0x0000000000000002 rw !x
lock             0x0000000000830000 0x0000000000000400 rw !x
signature        0x0000000000840000 0x0000000000000400 rw !x
user_signatures  0x0000000000850000 0x0000000000000400 rw !x
*default*        0x0000000000000000 0xffffffffffffffff

Linker script and memory map

LOAD C:/Program Files (x86)/Atmel/Studio/7.0/Packs/atmel/ATmega_DFP/1.7.374/xc8/avr/lib/avr5/memx-const/crtatmega32.o
LOAD DIO.o
LOAD HLED_config.o
LOAD HLED_prog.o
LOAD HSevenSeg_config.o
LOAD HSevenSeg_prog.o
LOAD HSWITCH_config.o
LOAD HSWITCH_prog.o
LOAD main.o
LOAD MPort_config.o
LOAD MPort_prog.o
START GROUP
LOAD c:/program files/microchip/xc8/v2.36/avr/bin/../lib/gcc/avr/5.4.0/../../../../avr/lib/avr5/memx-const\libm.a
END GROUP
START GROUP
LOAD c:/program files/microchip/xc8/v2.36/avr/bin/../lib/gcc/avr/5.4.0/avr5/memx-const\libgcc.a
LOAD c:/program files/microchip/xc8/v2.36/avr/bin/../lib/gcc/avr/5.4.0/../../../../avr/lib/avr5/memx-const\libm.a
LOAD c:/program files/microchip/xc8/v2.36/avr/bin/../lib/gcc/avr/5.4.0/../../../../avr/lib/avr5/memx-const\libc.a
LOAD C:/Program Files (x86)/Atmel/Studio/7.0/Packs/atmel/ATmega_DFP/1.7.374/xc8/avr/lib/avr5/memx-const\libatmega32.a
END GROUP
                0x0000000000000000                __TEXT_REGION_ORIGIN__ = DEFINED (__TEXT_REGION_ORIGIN__)?__TEXT_REGION_ORIGIN__:0x0
                [0x0000000000800060]                __DATA_REGION_ORIGIN__ = DEFINED (__DATA_REGION_ORIGIN__)?__DATA_REGION_ORIGIN__:0x800060
                [0x0000000000008000]                __TEXT_REGION_LENGTH__ = DEFINED (__TEXT_REGION_LENGTH__)?__TEXT_REGION_LENGTH__:0x20000
                [0x0000000000000800]                __DATA_REGION_LENGTH__ = DEFINED (__DATA_REGION_LENGTH__)?__DATA_REGION_LENGTH__:0xffa0
                [0x0000000000000400]                __EEPROM_REGION_LENGTH__ = DEFINED (__EEPROM_REGION_LENGTH__)?__EEPROM_REGION_LENGTH__:0x10000
                [0x0000000000000002]                __FUSE_REGION_LENGTH__ = DEFINED (__FUSE_REGION_LENGTH__)?__FUSE_REGION_LENGTH__:0x400
                0x0000000000000400                __LOCK_REGION_LENGTH__ = DEFINED (__LOCK_REGION_LENGTH__)?__LOCK_REGION_LENGTH__:0x400
                0x0000000000000400                __SIGNATURE_REGION_LENGTH__ = DEFINED (__SIGNATURE_REGION_LENGTH__)?__SIGNATURE_REGION_LENGTH__:0x400
                0x0000000000000400                __USER_SIGNATURE_REGION_LENGTH__ = DEFINED (__USER_SIGNATURE_REGION_LENGTH__)?__USER_SIGNATURE_REGION_LENGTH__:0x400

.hash
 *(.hash)

.dynsym
 *(.dynsym)

.dynstr
 *(.dynstr)

.gnu.version
 *(.gnu.version)

.gnu.version_d
 *(.gnu.version_d)

.gnu.version_r
 *(.gnu.version_r)

.rel.init
 *(.rel.init)

.rela.init
 *(.rela.init)

.rel.text
 *(.rel.text)
 *(.rel.text.*)
 *(.rel.gnu.linkonce.t*)

.rela.text
 *(.rela.text)
 *(.rela.text.*)
 *(.rela.gnu.linkonce.t*)

.rel.fini
 *(.rel.fini)

.rela.fini
 *(.rela.fini)

.rel.rodata
 *(.rel.rodata)
 *(.rel.rodata.*)
 *(.rel.gnu.linkonce.r*)

.rela.rodata
 *(.rela.rodata)
 *(.rela.rodata.*)
 *(.rela.gnu.linkonce.r*)

.rel.data
 *(.rel.data)
 *(.rel.data.*)
 *(.rel.gnu.linkonce.d*)

.rela.data
 *(.rela.data)
 *(.rela.data.*)
 *(.rela.gnu.linkonce.d*)

.rel.ctors
 *(.rel.ctors)

.rela.ctors
 *(.rela.ctors)

.rel.dtors
 *(.rel.dtors)

.rela.dtors
 *(.rela.dtors)

.rel.got
 *(.rel.got)

.rela.got
 *(.rela.got)

.rel.bss
 *(.rel.bss)

.rela.bss
 *(.rela.bss)

.rel.plt
 *(.rel.plt)

.rela.plt
 *(.rela.plt)

.text           0x0000000000000000       0xc4
 *(.vectors)
 .vectors       0x0000000000000000       0x54 C:/Program Files (x86)/Atmel/Studio/7.0/Packs/atmel/ATmega_DFP/1.7.374/xc8/avr/lib/avr5/memx-const/crtatmega32.o
                0x0000000000000000                __vector_default
                0x0000000000000000                __vectors
 *(.vectors)
 *(.progmem.gcc*)
 .progmem.gcc_sw_table.HSEVENSEG_enuSetCustomizeValue
                0x0000000000000054       0x14 HSevenSeg_prog.o
 *(.dinit)
 .dinit         0x0000000000000068        0x7 data_init
                0x0000000000000070                . = ALIGN (0x2)
 *fill*         0x000000000000006f        0x1 
                0x0000000000000070                __trampolines_start = .
 *(.trampolines)
 .trampolines   0x0000000000000070        0x0 linker stubs
 *(.trampolines*)
                0x0000000000000070                __trampolines_end = .
 *libprintf_flt.a:*(.progmem.data)
 *libc.a:*(.progmem.data)
                0x0000000000000070                . = ALIGN (0x2)
 *(.jumptables)
 *(.jumptables*)
 *(.lowtext)
 *(.lowtext*)
                0x0000000000000070                __ctors_start = .
 *(.ctors)
                0x0000000000000070                __ctors_end = .
                0x0000000000000070                __dtors_start = .
 *(.dtors)
                0x0000000000000070                __dtors_end = .
 SORT(*)(.ctors)
 SORT(*)(.dtors)
 *(.init0)
 .init0         0x0000000000000070        0x0 C:/Program Files (x86)/Atmel/Studio/7.0/Packs/atmel/ATmega_DFP/1.7.374/xc8/avr/lib/avr5/memx-const/crtatmega32.o
                0x0000000000000070                __init
 *(.init0)
 *(.init1)
 *(.init1)
 *(.init2)
 .init2         0x0000000000000070        0xc C:/Program Files (x86)/Atmel/Studio/7.0/Packs/atmel/ATmega_DFP/1.7.374/xc8/avr/lib/avr5/memx-const/crtatmega32.o
 *(.init2)
 *(.init3)
 *(.init3)
 *(.init4)
 .init4         0x000000000000007c       0x3c c:/program files/microchip/xc8/v2.36/avr/bin/../lib/gcc/avr/5.4.0/avr5/memx-const\libgcc.a(_copy_data.o)
                0x000000000000007c                __do_copy_data
                0x00000000000000aa                __do_clear_bss
 *(.init4)
 *(.init5)
 *(.init5)
 *(.init6)
 *(.init6)
 *(.init7)
 *(.init7)
 *(.init8)
 *(.init8)
 *(.init9)
 .init9         0x00000000000000b8        0x8 C:/Program Files (x86)/Atmel/Studio/7.0/Packs/atmel/ATmega_DFP/1.7.374/xc8/avr/lib/avr5/memx-const/crtatmega32.o
 *(.init9)
                0x00000000000000c0                . = ALIGN (0x2)
 *(.fini9)
 .fini9         0x00000000000000c0        0x0 c:/program files/microchip/xc8/v2.36/avr/bin/../lib/gcc/avr/5.4.0/avr5/memx-const\libgcc.a(_exit.o)
                0x00000000000000c0                _exit
 *(.fini9)
 *(.fini8)
 *(.fini8)
 *(.fini7)
 *(.fini7)
 *(.fini6)
 *(.fini6)
 *(.fini5)
 *(.fini5)
 *(.fini4)
 *(.fini4)
 *(.fini3)
 *(.fini3)
 *(.fini2)
 *(.fini2)
 *(.fini1)
 *(.fini1)
 *(.fini0)
 .fini0         0x00000000000000c0        0x4 c:/program files/microchip/xc8/v2.36/avr/bin/../lib/gcc/avr/5.4.0/avr5/memx-const\libgcc.a(_exit.o)
 *(.fini0)
                0x00000000000000c4                _etext = .

.data           0x0000000000800060        0x0 load address 0x00000000000000c4
                [!provide]                        PROVIDE (__data_start, .)
 *(.gnu.linkonce.d*)
 *(.gnu.linkonce.r*)
                0x0000000000800060                . = ALIGN (0x2)
                0x0000000000800060                _edata = .
                [!provide]                        PROVIDE (__data_end, .)

.bss            0x0000000000800060        0x0
                [!provide]                        PROVIDE (__bss_start, .)
 *(COMMON)
                [!provide]                        PROVIDE (__bss_end, .)
                0x00000000000000c4                __data_load_start = LOADADDR (.data)
                0x00000000000000c4                __data_load_end = (__data_load_start + SIZEOF (.data))

.noinit         0x0000000000800060        0x0
                [!provide]                        PROVIDE (__noinit_start, .)
 *(.noinit*)
                [!provide]                        PROVIDE (__noinit_end, .)
                0x0000000000800060                _end = .

.eeprom         0x0000000000810000        0x0
 *(.eeprom*)
                0x0000000000810000                __eeprom_end = .

.fuse
 *(.fuse)
 *(.lfuse)
 *(.hfuse)
 *(.efuse)

.lock
 *(.lock*)

.signature
 *(.signature*)

.user_signatures
 *(.user_signatures*)

.stab
 *(.stab)

.stabstr
 *(.stabstr)

.stab.excl
 *(.stab.excl)

.stab.exclstr
 *(.stab.exclstr)

.stab.index
 *(.stab.index)

.stab.indexstr
 *(.stab.indexstr)

.comment        0x0000000000000000       0x2f
 *(.comment)
 .comment       0x0000000000000000       0x2f DIO.o
                                         0x30 (size before relaxing)
 .comment       0x000000000000002f       0x30 HLED_config.o
 .comment       0x000000000000002f       0x30 HLED_prog.o
 .comment       0x000000000000002f       0x30 HSevenSeg_config.o
 .comment       0x000000000000002f       0x30 HSevenSeg_prog.o
 .comment       0x000000000000002f       0x30 HSWITCH_config.o
 .comment       0x000000000000002f       0x30 HSWITCH_prog.o
 .comment       0x000000000000002f       0x30 main.o
 .comment       0x000000000000002f       0x30 MPort_prog.o
 .comment       0x000000000000002f       0x30 c:/program files/microchip/xc8/v2.36/avr/bin/../lib/gcc/avr/5.4.0/../../../../avr/lib/avr5/memx-const\libc.a(exit.o)
 .comment       0x000000000000002f       0x30 c:/program files/microchip/xc8/v2.36/avr/bin/../lib/gcc/avr/5.4.0/../../../../avr/lib/avr5/memx-const\libc.a(_Exit.o)

.stack.descriptors.hdr
                0x0000000000000000       0x2a
 .stack.descriptors.hdr
                0x0000000000000000        0xe c:/program files/microchip/xc8/v2.36/avr/bin/../lib/gcc/avr/5.4.0/avr5/memx-const\libgcc.a(_udivmodsi4.o)
 .stack.descriptors.hdr
                0x000000000000000e        0xe c:/program files/microchip/xc8/v2.36/avr/bin/../lib/gcc/avr/5.4.0/avr5/memx-const\libgcc.a(_tablejump2.o)
 .stack.descriptors.hdr
                0x000000000000001c        0xe c:/program files/microchip/xc8/v2.36/avr/bin/../lib/gcc/avr/5.4.0/avr5/memx-const\libgcc.a(_exit.o)

.note.GNU-stack
                0x0000000000000000        0x0
 .note.GNU-stack
                0x0000000000000000        0x0 c:/program files/microchip/xc8/v2.36/avr/bin/../lib/gcc/avr/5.4.0/../../../../avr/lib/avr5/memx-const\libc.a(exit.o)
 .note.GNU-stack
                0x0000000000000000        0x0 c:/program files/microchip/xc8/v2.36/avr/bin/../lib/gcc/avr/5.4.0/../../../../avr/lib/avr5/memx-const\libc.a(_Exit.o)

.note.gnu.build-id
 *(.note.gnu.build-id)

.debug
 *(.debug)

.line
 *(.line)

.debug_srcinfo
 *(.debug_srcinfo)

.debug_sfnames
 *(.debug_sfnames)

.debug_aranges  0x0000000000000000      0x150
 *(.debug_aranges)
 .debug_aranges
                0x0000000000000000       0x40 DIO.o
 .debug_aranges
                0x0000000000000040       0x18 HLED_config.o
 .debug_aranges
                0x0000000000000058       0x28 HLED_prog.o
 .debug_aranges
                0x0000000000000080       0x18 HSevenSeg_config.o
 .debug_aranges
                0x0000000000000098       0x30 HSevenSeg_prog.o
 .debug_aranges
                0x00000000000000c8       0x18 HSWITCH_config.o
 .debug_aranges
                0x00000000000000e0       0x28 HSWITCH_prog.o
 .debug_aranges
                0x0000000000000108       0x20 main.o
 .debug_aranges
                0x0000000000000128       0x28 MPort_prog.o

.debug_pubnames
 *(.debug_pubnames)

.debug_info     0x0000000000000000     0x4600
 *(.debug_info .gnu.linkonce.wi.*)
 .debug_info    0x0000000000000000      0x4e6 C:/Program Files (x86)/Atmel/Studio/7.0/Packs/atmel/ATmega_DFP/1.7.374/xc8/avr/lib/avr5/memx-const/crtatmega32.o
 .debug_info    0x00000000000004e6      0x853 DIO.o
 .debug_info    0x0000000000000d39      0x43a HLED_config.o
 .debug_info    0x0000000000001173      0x770 HLED_prog.o
 .debug_info    0x00000000000018e3      0x4f9 HSevenSeg_config.o
 .debug_info    0x0000000000001ddc      0xed9 HSevenSeg_prog.o
 .debug_info    0x0000000000002cb5      0x48e HSWITCH_config.o
 .debug_info    0x0000000000003143      0x792 HSWITCH_prog.o
 .debug_info    0x00000000000038d5      0x7e6 main.o
 .debug_info    0x00000000000040bb      0x545 MPort_prog.o

.debug_abbrev   0x0000000000000000      0xce9
 *(.debug_abbrev)
 .debug_abbrev  0x0000000000000000      0x4a3 C:/Program Files (x86)/Atmel/Studio/7.0/Packs/atmel/ATmega_DFP/1.7.374/xc8/avr/lib/avr5/memx-const/crtatmega32.o
 .debug_abbrev  0x00000000000004a3       0xff DIO.o
 .debug_abbrev  0x00000000000005a2       0x7f HLED_config.o
 .debug_abbrev  0x0000000000000621      0x136 HLED_prog.o
 .debug_abbrev  0x0000000000000757       0x7f HSevenSeg_config.o
 .debug_abbrev  0x00000000000007d6      0x163 HSevenSeg_prog.o
 .debug_abbrev  0x0000000000000939       0x7f HSWITCH_config.o
 .debug_abbrev  0x00000000000009b8      0x118 HSWITCH_prog.o
 .debug_abbrev  0x0000000000000ad0      0x15c main.o
 .debug_abbrev  0x0000000000000c2c       0xbd MPort_prog.o

.debug_line     0x0000000000000000     0x1384
 *(.debug_line .debug_line.* .debug_line_end)
 .debug_line    0x0000000000000000      0x119 C:/Program Files (x86)/Atmel/Studio/7.0/Packs/atmel/ATmega_DFP/1.7.374/xc8/avr/lib/avr5/memx-const/crtatmega32.o
 .debug_line    0x0000000000000119      0x519 DIO.o
 .debug_line    0x0000000000000632       0x63 HLED_config.o
 .debug_line    0x0000000000000695      0x1a2 HLED_prog.o
 .debug_line    0x0000000000000837       0x5e HSevenSeg_config.o
 .debug_line    0x0000000000000895      0x49e HSevenSeg_prog.o
 .debug_line    0x0000000000000d33       0x5a HSWITCH_config.o
 .debug_line    0x0000000000000d8d      0x161 HSWITCH_prog.o
 .debug_line    0x0000000000000eee      0x221 main.o
 .debug_line    0x000000000000110f      0x275 MPort_prog.o

.debug_frame    0x0000000000000000      0x21c
 *(.debug_frame)
 .debug_frame   0x0000000000000000       0x64 DIO.o
 .debug_frame   0x0000000000000064       0x54 HLED_prog.o
 .debug_frame   0x00000000000000b8       0x84 HSevenSeg_prog.o
 .debug_frame   0x000000000000013c       0x78 HSWITCH_prog.o
 .debug_frame   0x00000000000001b4       0x34 main.o
 .debug_frame   0x00000000000001e8       0x34 MPort_prog.o

.debug_str      0x0000000000000000      0x32e
 *(.debug_str)
 .debug_str     0x0000000000000000      0x196 C:/Program Files (x86)/Atmel/Studio/7.0/Packs/atmel/ATmega_DFP/1.7.374/xc8/avr/lib/avr5/memx-const/crtatmega32.o
 .debug_str     0x0000000000000196       0x47 DIO.o
 .debug_str     0x00000000000001dd        0x0 HLED_config.o
 .debug_str     0x00000000000001dd       0x3d HLED_prog.o
 .debug_str     0x000000000000021a        0x0 HSevenSeg_config.o
 .debug_str     0x000000000000021a       0x4b HSevenSeg_prog.o
 .debug_str     0x0000000000000265        0x0 HSWITCH_config.o
 .debug_str     0x0000000000000265       0x3f HSWITCH_prog.o
 .debug_str     0x00000000000002a4       0x8a main.o
 .debug_str     0x000000000000032e        0x0 MPort_prog.o

.debug_loc      0x0000000000000000     0x130e
 *(.debug_loc)
 .debug_loc     0x0000000000000000      0x810 DIO.o
 .debug_loc     0x0000000000000810      0x208 HLED_prog.o
 .debug_loc     0x0000000000000a18      0x50c HSevenSeg_prog.o
 .debug_loc     0x0000000000000f24      0x21c HSWITCH_prog.o
 .debug_loc     0x0000000000001140      0x187 main.o
 .debug_loc     0x00000000000012c7       0x47 MPort_prog.o

.debug_macinfo
 *(.debug_macinfo)

.debug_weaknames
 *(.debug_weaknames)

.debug_funcnames
 *(.debug_funcnames)

.debug_typenames
 *(.debug_typenames)

.debug_varnames
 *(.debug_varnames)

.debug_pubtypes
 *(.debug_pubtypes)

.debug_ranges   0x0000000000000000       0xc0
 *(.debug_ranges)
 .debug_ranges  0x0000000000000000       0x30 DIO.o
 .debug_ranges  0x0000000000000030       0x30 HLED_prog.o
 .debug_ranges  0x0000000000000060       0x20 HSevenSeg_prog.o
 .debug_ranges  0x0000000000000080       0x18 HSWITCH_prog.o
 .debug_ranges  0x0000000000000098       0x10 main.o
 .debug_ranges  0x00000000000000a8       0x18 MPort_prog.o

.debug_macro
 *(.debug_macro)
OUTPUT(Alarm Project.elf elf32-avr)
LOAD linker stubs
LOAD data_init

.note.gnu.avr.deviceinfo
                0x0000000000000000       0x3c
 .note.gnu.avr.deviceinfo
                0x0000000000000000       0x3c C:/Program Files (x86)/Atmel/Studio/7.0/Packs/atmel/ATmega_DFP/1.7.374/xc8/avr/lib/avr5/memx-const/crtatmega32.o

.text.HSEVENSEG_enuSetCustomizeValue
                0x00000000000000c4      0x3cc
 .text.HSEVENSEG_enuSetCustomizeValue
                0x00000000000000c4      0x3cc HSevenSeg_prog.o
                0x00000000000000c4                HSEVENSEG_enuSetCustomizeValue

.text.MPORT_enuSetConfig
                0x0000000000000490      0x38a
 .text.MPORT_enuSetConfig
                0x0000000000000490      0x38a MPort_prog.o
                0x0000000000000490                MPORT_enuSetConfig

.text.HSEVENSEG_enuInit
                0x000000000000081a      0x294
 .text.HSEVENSEG_enuInit
                0x000000000000081a      0x294 HSevenSeg_prog.o
                0x000000000000081a                HSEVENSEG_enuInit

.text.main      0x0000000000000aae      0x168
 .text.main     0x0000000000000aae      0x168 main.o
                0x0000000000000aae                main

.text.DIO_enuSetPinValue
                0x0000000000000c16      0x134
 .text.DIO_enuSetPinValue
                0x0000000000000c16      0x134 DIO.o
                0x0000000000000c16                DIO_enuSetPinValue

.text.HLED_enuInit
                0x0000000000000d4a       0xf2
 .text.HLED_enuInit
                0x0000000000000d4a       0xf2 HLED_prog.o
                0x0000000000000d4a                HLED_enuInit

.text.HSWITCH_enuGetSwitchState
                0x0000000000000e3c       0x92
 .text.HSWITCH_enuGetSwitchState
                0x0000000000000e3c       0x92 HSWITCH_prog.o
                0x0000000000000e3c                HSWITCH_enuGetSwitchState

.text.DIO_enuGetPinValue
                0x0000000000000ece       0x8e
 .text.DIO_enuGetPinValue
                0x0000000000000ece       0x8e DIO.o
                0x0000000000000ece                DIO_enuGetPinValue

.text.HSWITCH_enuInit
                0x0000000000000f5c       0x8a
 .text.HSWITCH_enuInit
                0x0000000000000f5c       0x8a HSWITCH_prog.o
                0x0000000000000f5c                HSWITCH_enuInit

.text.HSEVENSEG_enuSetDirectValue
                0x0000000000000fe6       0x68
 .text.HSEVENSEG_enuSetDirectValue
                0x0000000000000fe6       0x68 HSevenSeg_prog.o
                0x0000000000000fe6                HSEVENSEG_enuSetDirectValue

.text.libgcc.div
                0x000000000000104e       0x44
 .text.libgcc.div
                0x000000000000104e       0x44 c:/program files/microchip/xc8/v2.36/avr/bin/../lib/gcc/avr/5.4.0/avr5/memx-const\libgcc.a(_udivmodsi4.o)
                0x000000000000104e                __udivmodsi4

.text.PORT_voidPortInit
                0x0000000000001092       0x18
 .text.PORT_voidPortInit
                0x0000000000001092       0x18 MPort_prog.o
                0x0000000000001092                PORT_voidPortInit

.text.exit      0x00000000000010aa       0x16
 .text.exit     0x00000000000010aa       0x16 c:/program files/microchip/xc8/v2.36/avr/bin/../lib/gcc/avr/5.4.0/../../../../avr/lib/avr5/memx-const\libc.a(exit.o)
                0x00000000000010aa                exit

.text.libgcc    0x00000000000010c0        0xc
 .text.libgcc   0x00000000000010c0        0xc c:/program files/microchip/xc8/v2.36/avr/bin/../lib/gcc/avr/5.4.0/avr5/memx-const\libgcc.a(_tablejump2.o)
                0x00000000000010c0                __tablejump2__

.text           0x00000000000010cc        0x4
 .text          0x00000000000010cc        0x4 C:/Program Files (x86)/Atmel/Studio/7.0/Packs/atmel/ATmega_DFP/1.7.374/xc8/avr/lib/avr5/memx-const/crtatmega32.o
                0x00000000000010cc                __vector_1
                0x00000000000010cc                __vector_12
                0x00000000000010cc                __bad_interrupt
                0x00000000000010cc                __vector_6
                0x00000000000010cc                __vector_3
                0x00000000000010cc                __vector_11
                0x00000000000010cc                __vector_13
                0x00000000000010cc                __vector_17
                0x00000000000010cc                __vector_19
                0x00000000000010cc                __vector_7
                0x00000000000010cc                __vector_5
                0x00000000000010cc                __vector_4
                0x00000000000010cc                __vector_9
                0x00000000000010cc                __vector_2
                0x00000000000010cc                __vector_15
                0x00000000000010cc                __vector_8
                0x00000000000010cc                __vector_14
                0x00000000000010cc                __vector_10
                0x00000000000010cc                __vector_16
                0x00000000000010cc                __vector_18
                0x00000000000010cc                __vector_20

.text._Exit     0x00000000000010d0        0x4
 .text._Exit    0x00000000000010d0        0x4 c:/program files/microchip/xc8/v2.36/avr/bin/../lib/gcc/avr/5.4.0/../../../../avr/lib/avr5/memx-const\libc.a(_Exit.o)
                0x00000000000010d0                _Exit

.text.__dummy_fini
                0x00000000000010d4        0x2
 .text.__dummy_fini
                0x00000000000010d4        0x2 c:/program files/microchip/xc8/v2.36/avr/bin/../lib/gcc/avr/5.4.0/../../../../avr/lib/avr5/memx-const\libc.a(exit.o)
                0x00000000000010d4                _fini

.text.__dummy_funcs_on_exit
                0x00000000000010d6        0x2
 .text.__dummy_funcs_on_exit
                0x00000000000010d6        0x2 c:/program files/microchip/xc8/v2.36/avr/bin/../lib/gcc/avr/5.4.0/../../../../avr/lib/avr5/memx-const\libc.a(exit.o)
                0x00000000000010d6                __funcs_on_exit

.text.__dummy_simulator_exit
                0x00000000000010d8        0x2
 .text.__dummy_simulator_exit
                0x00000000000010d8        0x2 c:/program files/microchip/xc8/v2.36/avr/bin/../lib/gcc/avr/5.4.0/../../../../avr/lib/avr5/memx-const\libc.a(exit.o)
                0x00000000000010d8                __simulator_exit

.data.SEVENSEG_Config
                0x0000000000800060       0x22 load address 0x00000000000010da
 .data.SEVENSEG_Config
                0x0000000000800060       0x22 HSevenSeg_config.o
                0x0000000000800060                SEVENSEG_Config

.data.SWITCHES_Config
                0x0000000000800082        0xc load address 0x00000000000010fc
 .data.SWITCHES_Config
                0x0000000000800082        0xc HSWITCH_config.o
                0x0000000000800082                SWITCHES_Config

.data.LEDS_Config
                0x000000000080008e        0x4 load address 0x0000000000001108
 .data.LEDS_Config
                0x000000000080008e        0x4 HLED_config.o
                0x000000000080008e                LEDS_Config
